// Jest Snapshot v1, https://goo.gl/fbAQLP

exports[`App component should render correctly 1`] = `
<header
  class="MuiPaper-root MuiPaper-elevation MuiPaper-elevation4 MuiAppBar-root MuiAppBar-colorPrimary MuiAppBar-positionStatic css-1oiwwlu-MuiPaper-root-MuiAppBar-root"
>
  <div
    class="MuiContainer-root MuiContainer-maxWidthXl css-19r6kue-MuiContainer-root"
  >
    <div
      class="MuiToolbar-root MuiToolbar-regular css-r6ewbb-MuiToolbar-root"
    >
      <svg
        aria-hidden="true"
        class="MuiSvgIcon-root MuiSvgIcon-fontSizeMedium css-1uzrjc8-MuiSvgIcon-root"
        data-testid="SportsBarIcon"
        focusable="false"
        viewBox="0 0 24 24"
      >
        <path
          d="M19 9h-1.56c.35-.59.56-1.27.56-2 0-2.21-1.79-4-4-4-.34 0-.66.05-.98.13-.82-.68-1.86-1.11-3.02-1.11-1.89 0-3.51 1.11-4.27 2.71C4.15 5.26 3 6.74 3 8.5c0 1.86 1.28 3.41 3 3.86V21h11v-2h2c1.1 0 2-.9 2-2v-6c0-1.1-.9-2-2-2zM7 10.5c-1.1 0-2-.9-2-2 0-.85.55-1.6 1.37-1.88l.8-.27.36-.76C8 4.62 8.94 4.02 10 4.02c.79 0 1.39.35 1.74.65l.78.65S13.16 5 13.99 5c1.1 0 2 .9 2 2h-3C9.67 7 9.15 10.5 7 10.5zM19 17h-2v-6h2v6z"
        />
      </svg>
      <a
        class="MuiTypography-root MuiTypography-h6 MuiTypography-noWrap css-m5x0z-MuiTypography-root"
        href="/"
      >
        BrewDay!
      </a>
      <div
        class="MuiBox-root css-1lvtzne"
      >
        <button
          aria-controls="menu-appbar"
          aria-haspopup="true"
          aria-label="OpenNavMenu"
          class="MuiButtonBase-root MuiIconButton-root MuiIconButton-colorInherit MuiIconButton-sizeLarge css-1pz7awu-MuiButtonBase-root-MuiIconButton-root"
          tabindex="0"
          type="button"
        >
          <svg
            aria-hidden="true"
            class="MuiSvgIcon-root MuiSvgIcon-fontSizeMedium css-i4bv87-MuiSvgIcon-root"
            data-testid="MenuIcon"
            focusable="false"
            viewBox="0 0 24 24"
          >
            <path
              d="M3 18h18v-2H3v2zm0-5h18v-2H3v2zm0-7v2h18V6H3z"
            />
          </svg>
          <span
            class="MuiTouchRipple-root css-8je8zh-MuiTouchRipple-root"
          />
        </button>
      </div>
      <svg
        aria-hidden="true"
        class="MuiSvgIcon-root MuiSvgIcon-fontSizeMedium css-z5gn4u-MuiSvgIcon-root"
        data-testid="SportsBarIcon"
        focusable="false"
        viewBox="0 0 24 24"
      >
        <path
          d="M19 9h-1.56c.35-.59.56-1.27.56-2 0-2.21-1.79-4-4-4-.34 0-.66.05-.98.13-.82-.68-1.86-1.11-3.02-1.11-1.89 0-3.51 1.11-4.27 2.71C4.15 5.26 3 6.74 3 8.5c0 1.86 1.28 3.41 3 3.86V21h11v-2h2c1.1 0 2-.9 2-2v-6c0-1.1-.9-2-2-2zM7 10.5c-1.1 0-2-.9-2-2 0-.85.55-1.6 1.37-1.88l.8-.27.36-.76C8 4.62 8.94 4.02 10 4.02c.79 0 1.39.35 1.74.65l.78.65S13.16 5 13.99 5c1.1 0 2 .9 2 2h-3C9.67 7 9.15 10.5 7 10.5zM19 17h-2v-6h2v6z"
        />
      </svg>
      <a
        class="MuiTypography-root MuiTypography-h5 MuiTypography-noWrap css-1lfs2tq-MuiTypography-root"
        href="/"
      >
        BrewDay!
      </a>
      <div
        class="MuiBox-root css-1t6c9ts"
      >
        <a
          class="MuiButtonBase-root MuiButton-root MuiButton-text MuiButton-textPrimary MuiButton-sizeMedium MuiButton-textSizeMedium MuiButton-root MuiButton-text MuiButton-textPrimary MuiButton-sizeMedium MuiButton-textSizeMedium css-18lfq1a-MuiButtonBase-root-MuiButton-root"
          href="/Ricette"
          tabindex="0"
        >
          Ricette
          <span
            class="MuiTouchRipple-root css-8je8zh-MuiTouchRipple-root"
          />
        </a>
        <a
          class="MuiButtonBase-root MuiButton-root MuiButton-text MuiButton-textPrimary MuiButton-sizeMedium MuiButton-textSizeMedium MuiButton-root MuiButton-text MuiButton-textPrimary MuiButton-sizeMedium MuiButton-textSizeMedium css-18lfq1a-MuiButtonBase-root-MuiButton-root"
          href="/Birre"
          tabindex="0"
        >
          Birre
          <span
            class="MuiTouchRipple-root css-8je8zh-MuiTouchRipple-root"
          />
        </a>
        <a
          class="MuiButtonBase-root MuiButton-root MuiButton-text MuiButton-textPrimary MuiButton-sizeMedium MuiButton-textSizeMedium MuiButton-root MuiButton-text MuiButton-textPrimary MuiButton-sizeMedium MuiButton-textSizeMedium css-18lfq1a-MuiButtonBase-root-MuiButton-root"
          href="/Inventario"
          tabindex="0"
        >
          Inventario
          <span
            class="MuiTouchRipple-root css-8je8zh-MuiTouchRipple-root"
          />
        </a>
        <a
          class="MuiButtonBase-root MuiButton-root MuiButton-text MuiButton-textPrimary MuiButton-sizeMedium MuiButton-textSizeMedium MuiButton-root MuiButton-text MuiButton-textPrimary MuiButton-sizeMedium MuiButton-textSizeMedium css-18lfq1a-MuiButtonBase-root-MuiButton-root"
          href="/Spesa"
          tabindex="0"
        >
          Spesa
          <span
            class="MuiTouchRipple-root css-8je8zh-MuiTouchRipple-root"
          />
        </a>
        <a
          class="MuiButtonBase-root MuiButton-root MuiButton-text MuiButton-textPrimary MuiButton-sizeMedium MuiButton-textSizeMedium MuiButton-root MuiButton-text MuiButton-textPrimary MuiButton-sizeMedium MuiButton-textSizeMedium css-18lfq1a-MuiButtonBase-root-MuiButton-root"
          href="/Impostazioni"
          tabindex="0"
        >
          Impostazioni
          <span
            class="MuiTouchRipple-root css-8je8zh-MuiTouchRipple-root"
          />
        </a>
      </div>
    </div>
  </div>
</header>
`;
